Starting a Gradle Daemon, 1 busy Daemon could not be reused, use --status for details
.\android\gradlew.bat : 
At line:1 char:152
+ ... droid\sdk'; .\android\gradlew.bat app:assembleDebug -x lint -x test 2 ...
+                 ~~~~~~~~~~~~~~~~~~~~~~~~~~~~~~~~~~~~~~~~~~~~~~~~~~~~~~~~~
    + CategoryInfo          : NotSpecified: (:String) [], RemoteException
    + FullyQualifiedErrorId : NativeCommandError
 
FAILURE: Build failed with an exception.

* What went wrong:
Directory 'C:\Users\jcond\hris\hris-mobile' does not contain a Gradle build.

A Gradle build's root directory should contain one of the possible settings 
files: settings.gradle, settings.gradle.kts, settings.gradle.dcl.It may also 
contain one of the possible build files: build.gradle, build.gradle.kts, 
build.gradle.dcl.

To create a new Gradle build in this directory run 'gradlew init'

For more information about the 'init' task, please refer to 
https://docs.gradle.org/8.14.3/userguide/build_init_plugin.html in the Gradle 
documentation.

For more details on creating a Gradle build, please refer to 
https://docs.gradle.org/8.14.3/userguide/tutorial_using_tasks.html in the 
Gradle documentation.

* Try:
> Run gradlew init to create a new Gradle build in this directory.
> Run with --stacktrace option to get the stack trace.
> Run with --info or --debug option to get more log output.
> Get more help at https://help.gradle.org.

BUILD FAILED in 1m 1s
